ERROR [lib::mprocs] Got panic. @info:panicked at src/vt100/screen.rs:438:10:
called `Option::unwrap()` on a `None` value
@stackTrace:disabled backtrace
ERROR [lib::mprocs] Got panic. @info:panicked at src/vt100/screen.rs:438:10:
called `Option::unwrap()` on a `None` value
@stackTrace:disabled backtrace
ERROR [lib::mprocs] Got panic. @info:panicked at src/vt100/screen.rs:438:10:
called `Option::unwrap()` on a `None` value
@stackTrace:disabled backtrace
ERROR [lib::mprocs] Got panic. @info:panicked at src/vt100/grid.rs:546:10:
called `Option::unwrap()` on a `None` value
@stackTrace:disabled backtrace
ERROR [lib::proc::proc] Process spawn error: WinProcess::spawn
ERROR [lib::proc::proc] Process spawn error: WinProcess::spawn
ERROR [lib::proc::proc] Process spawn error: WinProcess::spawn
ERROR [lib::proc::proc] Process spawn error: WinProcess::spawn
ERROR [lib::proc::proc] Process spawn error: WinProcess::spawn
ERROR [lib::proc::proc] Process spawn error: WinProcess::spawn
ERROR [lib::proc::proc] Process spawn error: WinProcess::spawn
ERROR [lib::proc::proc] Process spawn error: WinProcess::spawn
ERROR [lib::proc::proc] Process spawn error: WinProcess::spawn
ERROR [lib::proc::proc] Process spawn error: WinProcess::spawn
ERROR [lib::proc::proc] Process spawn error: WinProcess::spawn
ERROR [lib::proc::proc] Process spawn error: WinProcess::spawn
ERROR [lib::proc::proc] Process spawn error: WinProcess::spawn
ERROR [lib::proc::proc] Process spawn error: WinProcess::spawn
ERROR [lib::proc::proc] Process spawn error: WinProcess::spawn
ERROR [lib::proc::proc] Process spawn error: WinProcess::spawn
ERROR [lib::proc::proc] Process spawn error: WinProcess::spawn
ERROR [lib::proc::proc] Process spawn error: WinProcess::spawn
ERROR [lib::proc::proc] Process spawn error: WinProcess::spawn
ERROR [lib::proc::proc] Process spawn error: WinProcess::spawn
ERROR [lib::proc::proc] Process spawn error: WinProcess::spawn
ERROR [lib::proc::proc] Process spawn error: WinProcess::spawn
ERROR [lib::proc::proc] Process spawn error: WinProcess::spawn
ERROR [lib::proc::proc] Process spawn error: WinProcess::spawn
ERROR [lib::proc::proc] Process spawn error: WinProcess::spawn
ERROR [lib::proc::proc] Process spawn error: WinProcess::spawn
ERROR [lib::proc::proc] Process spawn error: WinProcess::spawn
ERROR [lib::proc::proc] Process spawn error: WinProcess::spawn
WARN [lib::vt100::screen] CSI not implemented: ESC [ ?9001  h
WARN [lib::vt100::screen] CSI not implemented: ESC [ ?1004  h
WARN [lib::vt100::screen] CSI not implemented: ESC [ ?9001  h
WARN [lib::vt100::screen] CSI not implemented: ESC [ ?1004  h
WARN [lib::vt100::screen] CSI not implemented: ESC [ ?9001  h
WARN [lib::vt100::screen] CSI not implemented: ESC [ ?1004  h
WARN [lib::vt100::screen] CSI not implemented: ESC [ ?9001  h
WARN [lib::vt100::screen] CSI not implemented: ESC [ ?1004  h
WARN [lib::vt100::screen] CSI not implemented: ESC [ ?9001  h
WARN [lib::vt100::screen] CSI not implemented: ESC [ ?1004  h
WARN [lib::vt100::screen] CSI not implemented: ESC [ ?9001  h
WARN [lib::vt100::screen] CSI not implemented: ESC [ ?1004  h
WARN [lib::vt100::screen] CSI not implemented: ESC [ ?9001  h
WARN [lib::vt100::screen] CSI not implemented: ESC [ ?1004  h
WARN [lib::vt100::screen] CSI not implemented: ESC [ ?9001  h
WARN [lib::vt100::screen] CSI not implemented: ESC [ ?1004  h
WARN [lib::vt100::screen] CSI not implemented: ESC [ ?9001  h
WARN [lib::vt100::screen] CSI not implemented: ESC [ ?1004  h
WARN [lib::vt100::screen] CSI not implemented: ESC [ ?9001  h
WARN [lib::vt100::screen] CSI not implemented: ESC [ ?1004  h
WARN [lib::vt100::screen] CSI not implemented: ESC [ ?9001  h
WARN [lib::vt100::screen] CSI not implemented: ESC [ ?1004  h
WARN [lib::vt100::screen] CSI not implemented: ESC [ ?9001  h
WARN [lib::vt100::screen] CSI not implemented: ESC [ ?1004  h
WARN [lib::vt100::screen] CSI not implemented: ESC [ ?9001  h
WARN [lib::vt100::screen] CSI not implemented: ESC [ ?1004  h
WARN [lib::vt100::screen] CSI not implemented: ESC [ ?9001  h
WARN [lib::vt100::screen] CSI not implemented: ESC [ ?1004  h
WARN [lib::vt100::screen] CSI not implemented: ESC [ ?9001  h
WARN [lib::vt100::screen] CSI not implemented: ESC [ ?1004  h
WARN [lib::vt100::screen] CSI not implemented: ESC [ ?9001  h
WARN [lib::vt100::screen] CSI not implemented: ESC [ ?1004  h
WARN [lib::vt100::screen] CSI not implemented: ESC [ ?9001  h
WARN [lib::vt100::screen] CSI not implemented: ESC [ ?1004  h
WARN [lib::vt100::screen] CSI not implemented: ESC [ ?9001  h
WARN [lib::vt100::screen] CSI not implemented: ESC [ ?1004  h
WARN [lib::vt100::screen] CSI not implemented: ESC [ ?9001  h
WARN [lib::vt100::screen] CSI not implemented: ESC [ ?1004  h
WARN [lib::vt100::screen] CSI not implemented: ESC [ ?9001  h
WARN [lib::vt100::screen] CSI not implemented: ESC [ ?1004  h
